{
  "asset": {
    "version": "1.1"
  },
  "geometricError": 4096,
  "root": {
    "boundingVolume": {
      "box": [
        2.5,
        2.5,
        4.5,
        0.5,
        0,
        0,
        0,
        0.5,
        0,
        0,
        0,
        0.5
      ]
    },
    "geometricError": 512,
    "content": {
      "uri": "unitCubeWithCesiumRtc.glb"
    },
    "refine": "ADD"
  }
}