{
  "asset": {
    "version": "1.1"
  },
  "geometricError": 70,
  "root": {
    "boundingVolume": {
      "region": [
        -1.31968,
        0.6988424218,
        -1.3196390408203893,
        0.698874,
        0,
        20
      ]
    },
    "geometricError": 70,
    "content": {
      "uri": "external.json"
    }
  }
}