{
  "asset": {
    "version": "1.1"
  },
  "geometricError": 4096,
  "root": {
    "boundingVolume": {
      "box": [
        1215017.1239874638,
        -4736316.080057698,
        4081603.1264158455,
        -1.2755385681689153,
        4.9722508120558055,
        -4.3138044394725314,
        23.12108928345635,
        -52.382444478338165,
        -67.21456600138885,
        -82.75933184818228,
        -27.40170140970006,
        -7.11330633281961
      ]
    },
    "geometricError": 512,
    "content": {
      "uri": "batchedColors.b3dm"
    },
    "refine": "ADD"
  }
}