{
  "asset": {
    "version": "1.1"
  },
  "geometricError": 4096,
  "root": {
    "boundingVolume": {
      "box": [
        1215015.740633026,
        -4736317.709331602,
        4081606.5029129568,
        91.34493746005317,
        25.73468456069652,
        2.891651051729513,
        -3.4712154541846187,
        13.441215114981711,
        -9.969208596733905,
        -17.541319642226654,
        53.4750698059166,
        78.20677126109172
      ]
    },
    "geometricError": 512,
    "content": {
      "uri": "compositeOfComposite.cmpt"
    },
    "refine": "ADD"
  }
}