{
  "asset": {
    "version": "1.1"
  },
  "geometricError": 4096,
  "root": {
    "boundingVolume": {
      "box": [
        1215013.9553057784,
        -4736317.401766716,
        4081608.2583208485,
        94.07233924993119,
        23.409417534178772,
        -0.09196835302048761,
        3.2299425139499625,
        -12.935366781680294,
        11.295689722145568,
        15.006058393340421,
        -60.592329156800474,
        -73.67878617799873
      ]
    },
    "geometricError": 512,
    "content": {
      "uri": "instancedOrientation.i3dm"
    },
    "refine": "ADD"
  }
}