{
  "asset": {
    "version": "1.1"
  },
  "geometricError": 4096,
  "root": {
    "boundingVolume": {
      "box": [
        1215012.8828113785,
        -4736313.051275888,
        4081605.221184125,
        -0.47557162645481443,
        1.8539892637377,
        -1.6084590904482619,
        0.39970621248826527,
        -1.5579853508384909,
        -1.9139915123575475,
        -2.421716515841628,
        -0.6212415655677035,
        -0.000046958296472575216
      ]
    },
    "geometricError": 512,
    "content": {
      "uri": "pointCloudQuantized.pnts"
    },
    "refine": "ADD"
  }
}