{
  "asset": {
    "version": "1.1"
  },
  "geometricError": 4096,
  "root": {
    "boundingVolume": {
      "box": [
        1215012.8828876738,
        -4736313.051199594,
        4081605.22126042,
        3.2968313694000244,
        0,
        0,
        0,
        -4.033046722412109,
        0,
        0,
        0,
        3.522307872772217
      ]
    },
    "geometricError": 512,
    "content": {
      "uri": "pointCloudRGB.pnts"
    },
    "refine": "ADD"
  }
}