{
  "asset": {
    "version": "1.1"
  },
  "geometricError": 4096,
  "root": {
    "boundingVolume": {
      "box": [
        3,
        2,
        0.5,
        3,
        0,
        0,
        0,
        3,
        0,
        0,
        0,
        0.5
      ]
    },
    "geometricError": 1024,
    "refine": "ADD",
    "content": {
      "uri": "Axes-glTF1-z-up.glb"
    }
  }
}